I'm sorry, but errors were detected in your script. Please correct the
errors listed below, and try again.


File "game/screens.rpy", line 97: ATL statement contains two expressions in a row; is one of them a misspelled property? If not, separate them with pass.
    scale 0.5
             ^

Ren'Py Version: Ren'Py 6.99.12.4.2187
